// Jest Snapshot v1, https://goo.gl/fbAQLP

exports[`matches snapshot 1`] = `
<DocumentFragment>
  <h4
    id="error404"
  >
    Sorry, this page could not be found (Error 404).
  </h4>
</DocumentFragment>
`;
