// Jest Snapshot v1, https://goo.gl/fbAQLP

exports[`matches snapshot 1`] = `
<DocumentFragment>
  <div>
    <nav
      class="navbar navbar-expand-md fixed-top"
      id="nav"
    >
      <div
        class="container-fluid"
      >
        <a
          class="navbar-brand"
        />
        <a
          href="/"
          id="links"
        >
          VoyagerVibes
        </a>
        <button
          aria-label="Toggle navigation"
          class="navbar-toggler"
          id="toggler"
          type="button"
        >
          <span
            class="navbar-toggler-icon"
          />
        </button>
        <div
          class="collapse navbar-collapse"
        >
          <ul
            class="ms-auto navbar-nav"
          >
            <li
              class="nav-item"
            >
              <a
                class="nav-link"
              />
              <a
                href="/login"
                id="links"
              >
                Login
              </a>
            </li>
            <li
              class="nav-item"
            >
              <a
                class="nav-link"
              />
              <a
                href="/signup"
                id="links"
              >
                Sign Up
              </a>
            </li>
          </ul>
        </div>
      </div>
    </nav>
  </div>
</DocumentFragment>
`;
