// Jest Snapshot v1, https://goo.gl/fbAQLP

exports[`matches snapshot 1`] = `
<DocumentFragment>
  <p>
    Invalid request.
  </p>
</DocumentFragment>
`;
