// Jest Snapshot v1, https://goo.gl/fbAQLP

exports[`matches snapshot 1`] = `
<DocumentFragment>
  <h2>
    Create an account
  </h2>
  <form
    class=""
    id="loginForm"
  >
    <div
      class="mb-3 form-floating"
    >
      <input
        class="form-control"
        name="username"
        placeholder=""
        type="text"
      />
      <label
        class="form-label"
        for="username"
      >
        Username
      </label>
    </div>
     
    <div
      class="mb-3 form-floating"
    >
      <input
        class="form-control"
        name="email"
        placeholder=""
        type="email"
      />
      <label
        class="form-label"
        for="email"
      >
        Email
      </label>
    </div>
     
    <div
      class="mb-3 form-floating"
    >
      <input
        class="form-control"
        name="firstName"
        placeholder=""
        type="text"
      />
      <label
        class="form-label"
        for="firstName"
      >
        First name
      </label>
    </div>
     
    <div
      class="mb-3 form-floating"
    >
      <input
        class="form-control"
        name="lastName"
        placeholder=""
        type="text"
      />
      <label
        class="form-label"
        for="lastName"
      >
        Last name
      </label>
    </div>
     
    <div
      class="mb-3 form-floating"
    >
      <input
        class="form-control"
        name="password"
        placeholder=""
        type="password"
      />
      <label
        class="form-label"
        for="password"
      >
        Password
      </label>
    </div>
     
    <p
      id="error"
      style="color: red;"
    />
    <button
      class="btn btn-success"
      type="button"
    >
      Submit
    </button>
  </form>
</DocumentFragment>
`;
